Wed Feb  5 21:10:52 EST 2025: Job 14778891 is allocated resource
SEGMENTAL AND SOMATIC DYSFUNCTION OF LUMBAR REGION_2025-02-05.csv
counter is: 1
Processing file: /h/ahmad/SynthDataGen_v2/Synthetic_Data_Gen/data/output/notes_onVector/ablations_on_vector/all_qwen/SEGMENTAL AND SOMATIC DYSFUNCTION OF LUMBAR REGION_2025-02-05.csv
Generating dialogue for idx: 0
Generating dialogue for idx: 1
Generating dialogue for idx: 2
Generating dialogue for idx: 3
Generating dialogue for idx: 4
CHRONIC OBSTRUCTIVE PULMONARY DISEASE, UNSPECIFIED_2025-02-04.csv
counter is: 2
Processing file: /h/ahmad/SynthDataGen_v2/Synthetic_Data_Gen/data/output/notes_onVector/ablations_on_vector/all_qwen/CHRONIC OBSTRUCTIVE PULMONARY DISEASE, UNSPECIFIED_2025-02-04.csv
Generating dialogue for idx: 0
Generating dialogue for idx: 1
Generating dialogue for idx: 2
Generating dialogue for idx: 3
Generating dialogue for idx: 4
DIZZINESS AND GIDDINESS_2025-02-05.csv
counter is: 3
Processing file: /h/ahmad/SynthDataGen_v2/Synthetic_Data_Gen/data/output/notes_onVector/ablations_on_vector/all_qwen/DIZZINESS AND GIDDINESS_2025-02-05.csv
Generating dialogue for idx: 0
Generating dialogue for idx: 1
Generating dialogue for idx: 2
Generating dialogue for idx: 3
Generating dialogue for idx: 4
GASTRO-ESOPHAGEAL REFLUX DISEASE WITHOUT ESOPHAGITIS_2025-02-04.csv
counter is: 4
Processing file: /h/ahmad/SynthDataGen_v2/Synthetic_Data_Gen/data/output/notes_onVector/ablations_on_vector/all_qwen/GASTRO-ESOPHAGEAL REFLUX DISEASE WITHOUT ESOPHAGITIS_2025-02-04.csv
Generating dialogue for idx: 0
Generating dialogue for idx: 1
Generating dialogue for idx: 2
Generating dialogue for idx: 3
Generating dialogue for idx: 4
SEGMENTAL AND SOMATIC DYSFUNCTION OF CERVICAL REGION_2025-02-04.csv
counter is: 5
Processing file: /h/ahmad/SynthDataGen_v2/Synthetic_Data_Gen/data/output/notes_onVector/ablations_on_vector/all_qwen/SEGMENTAL AND SOMATIC DYSFUNCTION OF CERVICAL REGION_2025-02-04.csv
Generating dialogue for idx: 0
Generating dialogue for idx: 1
Generating dialogue for idx: 2
Generating dialogue for idx: 3
Generating dialogue for idx: 4
ATHEROSCLEROTIC HEART DISEASE OF NATIVE CORONARY ARTERY WITHOUT ANGINA PECTORIS_2025-02-04.csv
counter is: 6
Processing file: /h/ahmad/SynthDataGen_v2/Synthetic_Data_Gen/data/output/notes_onVector/ablations_on_vector/all_qwen/ATHEROSCLEROTIC HEART DISEASE OF NATIVE CORONARY ARTERY WITHOUT ANGINA PECTORIS_2025-02-04.csv
Generating dialogue for idx: 0
Generating dialogue for idx: 1
Generating dialogue for idx: 2
Generating dialogue for idx: 3
Generating dialogue for idx: 4
ENCOUNTER FOR IMMUNIZATION_2025-02-03.csv
counter is: 7
Processing file: /h/ahmad/SynthDataGen_v2/Synthetic_Data_Gen/data/output/notes_onVector/ablations_on_vector/all_qwen/ENCOUNTER FOR IMMUNIZATION_2025-02-03.csv
Generating dialogue for idx: 0
Generating dialogue for idx: 1
Generating dialogue for idx: 2
Generating dialogue for idx: 3
Generating dialogue for idx: 4
SEPSIS, UNSPECIFIED ORGANISM_2025-02-05.csv
counter is: 8
Processing file: /h/ahmad/SynthDataGen_v2/Synthetic_Data_Gen/data/output/notes_onVector/ablations_on_vector/all_qwen/SEPSIS, UNSPECIFIED ORGANISM_2025-02-05.csv
Generating dialogue for idx: 0
Generating dialogue for idx: 1
Generating dialogue for idx: 2
Generating dialogue for idx: 3
Generating dialogue for idx: 4
ILLNESS, UNSPECIFIED_2025-02-04.csv
counter is: 9
Processing file: /h/ahmad/SynthDataGen_v2/Synthetic_Data_Gen/data/output/notes_onVector/ablations_on_vector/all_qwen/ILLNESS, UNSPECIFIED_2025-02-04.csv
Generating dialogue for idx: 0
Generating dialogue for idx: 1
Generating dialogue for idx: 2
Generating dialogue for idx: 3
Generating dialogue for idx: 4
OBSTRUCTIVE SLEEP APNEA (ADULT) (PEDIATRIC)_2025-02-04.csv
counter is: 10
Processing file: /h/ahmad/SynthDataGen_v2/Synthetic_Data_Gen/data/output/notes_onVector/ablations_on_vector/all_qwen/OBSTRUCTIVE SLEEP APNEA (ADULT) (PEDIATRIC)_2025-02-04.csv
Generating dialogue for idx: 0
Generating dialogue for idx: 1
Generating dialogue for idx: 2
Generating dialogue for idx: 3
Generating dialogue for idx: 4
ENCOUNTER FOR GENERAL ADULT MEDICAL EXAMINATION WITHOUT ABNORMAL FINDINGS_2025-02-03.csv
counter is: 11
Processing file: /h/ahmad/SynthDataGen_v2/Synthetic_Data_Gen/data/output/notes_onVector/ablations_on_vector/all_qwen/ENCOUNTER FOR GENERAL ADULT MEDICAL EXAMINATION WITHOUT ABNORMAL FINDINGS_2025-02-03.csv
Generating dialogue for idx: 0
Generating dialogue for idx: 1
Generating dialogue for idx: 2
Generating dialogue for idx: 3
Generating dialogue for idx: 4
OTHER FATIGUE_2025-02-04.csv
counter is: 12
Processing file: /h/ahmad/SynthDataGen_v2/Synthetic_Data_Gen/data/output/notes_onVector/ablations_on_vector/all_qwen/OTHER FATIGUE_2025-02-04.csv
Generating dialogue for idx: 0
Generating dialogue for idx: 1
Generating dialogue for idx: 2
Generating dialogue for idx: 3
Generating dialogue for idx: 4
ENCOUNTER FOR GYNECOLOGICAL EXAMINATION (GENERAL) (ROUTINE) WITHOUT ABNORMAL FINDINGS_2025-02-04.csv
counter is: 13
Processing file: /h/ahmad/SynthDataGen_v2/Synthetic_Data_Gen/data/output/notes_onVector/ablations_on_vector/all_qwen/ENCOUNTER FOR GYNECOLOGICAL EXAMINATION (GENERAL) (ROUTINE) WITHOUT ABNORMAL FINDINGS_2025-02-04.csv
Generating dialogue for idx: 0
Generating dialogue for idx: 1
Generating dialogue for idx: 2
Generating dialogue for idx: 3
Generating dialogue for idx: 4
ENCOUNTER FOR ANTINEOPLASTIC CHEMOTHERAPY_2025-02-04.csv
counter is: 14
Processing file: /h/ahmad/SynthDataGen_v2/Synthetic_Data_Gen/data/output/notes_onVector/ablations_on_vector/all_qwen/ENCOUNTER FOR ANTINEOPLASTIC CHEMOTHERAPY_2025-02-04.csv
Generating dialogue for idx: 0
Generating dialogue for idx: 1
Generating dialogue for idx: 2
Generating dialogue for idx: 3
Generating dialogue for idx: 4
COUGH_2025-02-05.csv
counter is: 15
Processing file: /h/ahmad/SynthDataGen_v2/Synthetic_Data_Gen/data/output/notes_onVector/ablations_on_vector/all_qwen/COUGH_2025-02-05.csv
Generating dialogue for idx: 0
Generating dialogue for idx: 1
Generating dialogue for idx: 2
Generating dialogue for idx: 3
Generating dialogue for idx: 4
TYPE 2 DIABETES MELLITUS WITHOUT COMPLICATIONS_2025-02-04.csv
counter is: 16
Processing file: /h/ahmad/SynthDataGen_v2/Synthetic_Data_Gen/data/output/notes_onVector/ablations_on_vector/all_qwen/TYPE 2 DIABETES MELLITUS WITHOUT COMPLICATIONS_2025-02-04.csv
Generating dialogue for idx: 0
Generating dialogue for idx: 1
Generating dialogue for idx: 2
Generating dialogue for idx: 3
Generating dialogue for idx: 4
GENERALIZED ANXIETY DISORDER_2025-02-05.csv
counter is: 17
Processing file: /h/ahmad/SynthDataGen_v2/Synthetic_Data_Gen/data/output/notes_onVector/ablations_on_vector/all_qwen/GENERALIZED ANXIETY DISORDER_2025-02-05.csv
Generating dialogue for idx: 0
Generating dialogue for idx: 1
Generating dialogue for idx: 2
Generating dialogue for idx: 3
Generating dialogue for idx: 4
ACUTE KIDNEY FAILURE, UNSPECIFIED_2025-02-04.csv
counter is: 18
Processing file: /h/ahmad/SynthDataGen_v2/Synthetic_Data_Gen/data/output/notes_onVector/ablations_on_vector/all_qwen/ACUTE KIDNEY FAILURE, UNSPECIFIED_2025-02-04.csv
Generating dialogue for idx: 0
Generating dialogue for idx: 1
Generating dialogue for idx: 2
Generating dialogue for idx: 3
Generating dialogue for idx: 4
HYPERLIPIDEMIA, UNSPECIFIED_2025-02-04.csv
counter is: 19
Processing file: /h/ahmad/SynthDataGen_v2/Synthetic_Data_Gen/data/output/notes_onVector/ablations_on_vector/all_qwen/HYPERLIPIDEMIA, UNSPECIFIED_2025-02-04.csv
Generating dialogue for idx: 0
Generating dialogue for idx: 1
Generating dialogue for idx: 2
Generating dialogue for idx: 3
Generating dialogue for idx: 4
ESSENTIAL (PRIMARY) HYPERTENSION_2025-02-03.csv
counter is: 20
Processing file: /h/ahmad/SynthDataGen_v2/Synthetic_Data_Gen/data/output/notes_onVector/ablations_on_vector/all_qwen/ESSENTIAL (PRIMARY) HYPERTENSION_2025-02-03.csv
Generating dialogue for idx: 0
Generating dialogue for idx: 1
Generating dialogue for idx: 2
Generating dialogue for idx: 3
Generating dialogue for idx: 4
UNSPECIFIED ATRIAL FIBRILLATION_2025-02-05.csv
counter is: 21
Processing file: /h/ahmad/SynthDataGen_v2/Synthetic_Data_Gen/data/output/notes_onVector/ablations_on_vector/all_qwen/UNSPECIFIED ATRIAL FIBRILLATION_2025-02-05.csv
Generating dialogue for idx: 0
Generating dialogue for idx: 1
Generating dialogue for idx: 2
Generating dialogue for idx: 3
Generating dialogue for idx: 4
PAIN IN RIGHT KNEE_2025-02-05.csv
counter is: 22
Processing file: /h/ahmad/SynthDataGen_v2/Synthetic_Data_Gen/data/output/notes_onVector/ablations_on_vector/all_qwen/PAIN IN RIGHT KNEE_2025-02-05.csv
Generating dialogue for idx: 0
Generating dialogue for idx: 1
Generating dialogue for idx: 2
Generating dialogue for idx: 3
Generating dialogue for idx: 4
HYPOTHYROIDISM, UNSPECIFIED_2025-02-04.csv
counter is: 23
Processing file: /h/ahmad/SynthDataGen_v2/Synthetic_Data_Gen/data/output/notes_onVector/ablations_on_vector/all_qwen/HYPOTHYROIDISM, UNSPECIFIED_2025-02-04.csv
Generating dialogue for idx: 0
Generating dialogue for idx: 1
Generating dialogue for idx: 2
Generating dialogue for idx: 3
Generating dialogue for idx: 4
VITAMIN D DEFICIENCY, UNSPECIFIED_2025-02-05.csv
counter is: 24
Processing file: /h/ahmad/SynthDataGen_v2/Synthetic_Data_Gen/data/output/notes_onVector/ablations_on_vector/all_qwen/VITAMIN D DEFICIENCY, UNSPECIFIED_2025-02-05.csv
Generating dialogue for idx: 0
Generating dialogue for idx: 1
Generating dialogue for idx: 2
Generating dialogue for idx: 3
Generating dialogue for idx: 4
MAJOR DEPRESSIVE DISORDER, SINGLE EPISODE, UNSPECIFIED_2025-02-05.csv
counter is: 25
Processing file: /h/ahmad/SynthDataGen_v2/Synthetic_Data_Gen/data/output/notes_onVector/ablations_on_vector/all_qwen/MAJOR DEPRESSIVE DISORDER, SINGLE EPISODE, UNSPECIFIED_2025-02-05.csv
Generating dialogue for idx: 0
Generating dialogue for idx: 1
Generating dialogue for idx: 2
Generating dialogue for idx: 3
Generating dialogue for idx: 4
PERSONAL HISTORY OF NICOTINE DEPENDENCE_2025-02-05.csv
counter is: 26
Processing file: /h/ahmad/SynthDataGen_v2/Synthetic_Data_Gen/data/output/notes_onVector/ablations_on_vector/all_qwen/PERSONAL HISTORY OF NICOTINE DEPENDENCE_2025-02-05.csv
Generating dialogue for idx: 0
Generating dialogue for idx: 1
Generating dialogue for idx: 2
Generating dialogue for idx: 3
Generating dialogue for idx: 4
CONTACT WITH AND (SUSPECTED) EXPOSURE TO COVID-19_2025-02-05.csv
counter is: 27
Processing file: /h/ahmad/SynthDataGen_v2/Synthetic_Data_Gen/data/output/notes_onVector/ablations_on_vector/all_qwen/CONTACT WITH AND (SUSPECTED) EXPOSURE TO COVID-19_2025-02-05.csv
Generating dialogue for idx: 0
Generating dialogue for idx: 1
Generating dialogue for idx: 2
Generating dialogue for idx: 3
Generating dialogue for idx: 4
CHEST PAIN, UNSPECIFIED_2025-02-04.csv
counter is: 28
Processing file: /h/ahmad/SynthDataGen_v2/Synthetic_Data_Gen/data/output/notes_onVector/ablations_on_vector/all_qwen/CHEST PAIN, UNSPECIFIED_2025-02-04.csv
Generating dialogue for idx: 0
Generating dialogue for idx: 1
Generating dialogue for idx: 2
Generating dialogue for idx: 3
Generating dialogue for idx: 4
URINARY TRACT INFECTION, SITE NOT SPECIFIED_2025-02-04.csv
counter is: 29
Processing file: /h/ahmad/SynthDataGen_v2/Synthetic_Data_Gen/data/output/notes_onVector/ablations_on_vector/all_qwen/URINARY TRACT INFECTION, SITE NOT SPECIFIED_2025-02-04.csv
Generating dialogue for idx: 0
Generating dialogue for idx: 1
Generating dialogue for idx: 2
Generating dialogue for idx: 3
Generating dialogue for idx: 4
PAIN IN RIGHT SHOULDER_2025-02-05.csv
counter is: 30
Processing file: /h/ahmad/SynthDataGen_v2/Synthetic_Data_Gen/data/output/notes_onVector/ablations_on_vector/all_qwen/PAIN IN RIGHT SHOULDER_2025-02-05.csv
Generating dialogue for idx: 0
Generating dialogue for idx: 1
Generating dialogue for idx: 2
Generating dialogue for idx: 3
Generating dialogue for idx: 4
ENCOUNTER FOR SCREENING FOR MALIGNANT NEOPLASM OF COLON_2025-02-05.csv
counter is: 31
Processing file: /h/ahmad/SynthDataGen_v2/Synthetic_Data_Gen/data/output/notes_onVector/ablations_on_vector/all_qwen/ENCOUNTER FOR SCREENING FOR MALIGNANT NEOPLASM OF COLON_2025-02-05.csv
Generating dialogue for idx: 0
Generating dialogue for idx: 1
Generating dialogue for idx: 2
Generating dialogue for idx: 3
Generating dialogue for idx: 4
ANEMIA, UNSPECIFIED_2025-02-04.csv
counter is: 32
Processing file: /h/ahmad/SynthDataGen_v2/Synthetic_Data_Gen/data/output/notes_onVector/ablations_on_vector/all_qwen/ANEMIA, UNSPECIFIED_2025-02-04.csv
Generating dialogue for idx: 0
Generating dialogue for idx: 1
Generating dialogue for idx: 2
Generating dialogue for idx: 3
Generating dialogue for idx: 4
SHORTNESS OF BREATH_2025-02-05.csv
counter is: 33
Processing file: /h/ahmad/SynthDataGen_v2/Synthetic_Data_Gen/data/output/notes_onVector/ablations_on_vector/all_qwen/SHORTNESS OF BREATH_2025-02-05.csv
Generating dialogue for idx: 0
Generating dialogue for idx: 1
Generating dialogue for idx: 2
Generating dialogue for idx: 3
Generating dialogue for idx: 4
OTHER LONG TERM (CURRENT) DRUG THERAPY_2025-02-04.csv
counter is: 34
Processing file: /h/ahmad/SynthDataGen_v2/Synthetic_Data_Gen/data/output/notes_onVector/ablations_on_vector/all_qwen/OTHER LONG TERM (CURRENT) DRUG THERAPY_2025-02-04.csv
Generating dialogue for idx: 0
Generating dialogue for idx: 1
Generating dialogue for idx: 2
Generating dialogue for idx: 3
Generating dialogue for idx: 4
ACUTE PHARYNGITIS, UNSPECIFIED_2025-02-04.csv
counter is: 35
Processing file: /h/ahmad/SynthDataGen_v2/Synthetic_Data_Gen/data/output/notes_onVector/ablations_on_vector/all_qwen/ACUTE PHARYNGITIS, UNSPECIFIED_2025-02-04.csv
Generating dialogue for idx: 0
Generating dialogue for idx: 1
Generating dialogue for idx: 2
Generating dialogue for idx: 3
Generating dialogue for idx: 4
PAROXYSMAL ATRIAL FIBRILLATION_2025-02-05.csv
counter is: 36
Processing file: /h/ahmad/SynthDataGen_v2/Synthetic_Data_Gen/data/output/notes_onVector/ablations_on_vector/all_qwen/PAROXYSMAL ATRIAL FIBRILLATION_2025-02-05.csv
Generating dialogue for idx: 0
Generating dialogue for idx: 1
Generating dialogue for idx: 2
Generating dialogue for idx: 3
Generating dialogue for idx: 4
END STAGE RENAL DISEASE_2025-02-04.csv
counter is: 37
Processing file: /h/ahmad/SynthDataGen_v2/Synthetic_Data_Gen/data/output/notes_onVector/ablations_on_vector/all_qwen/END STAGE RENAL DISEASE_2025-02-04.csv
Generating dialogue for idx: 0
Generating dialogue for idx: 1
Generating dialogue for idx: 2
Generating dialogue for idx: 3
Generating dialogue for idx: 4
ACUTE UPPER RESPIRATORY INFECTION, UNSPECIFIED_2025-02-04.csv
counter is: 38
Processing file: /h/ahmad/SynthDataGen_v2/Synthetic_Data_Gen/data/output/notes_onVector/ablations_on_vector/all_qwen/ACUTE UPPER RESPIRATORY INFECTION, UNSPECIFIED_2025-02-04.csv
Generating dialogue for idx: 0
Generating dialogue for idx: 1
Generating dialogue for idx: 2
Generating dialogue for idx: 3
Generating dialogue for idx: 4
LOW BACK PAIN_2025-02-04.csv
counter is: 39
Processing file: /h/ahmad/SynthDataGen_v2/Synthetic_Data_Gen/data/output/notes_onVector/ablations_on_vector/all_qwen/LOW BACK PAIN_2025-02-04.csv
Generating dialogue for idx: 0
Generating dialogue for idx: 1
Generating dialogue for idx: 2
Generating dialogue for idx: 3
Generating dialogue for idx: 4
ANXIETY DISORDER, UNSPECIFIED_2025-02-04.csv
counter is: 40
Processing file: /h/ahmad/SynthDataGen_v2/Synthetic_Data_Gen/data/output/notes_onVector/ablations_on_vector/all_qwen/ANXIETY DISORDER, UNSPECIFIED_2025-02-04.csv
Generating dialogue for idx: 0
Generating dialogue for idx: 1
Generating dialogue for idx: 2
Generating dialogue for idx: 3
Generating dialogue for idx: 4
MUSCLE WEAKNESS (GENERALIZED)_2025-02-04.csv
counter is: 41
Processing file: /h/ahmad/SynthDataGen_v2/Synthetic_Data_Gen/data/output/notes_onVector/ablations_on_vector/all_qwen/MUSCLE WEAKNESS (GENERALIZED)_2025-02-04.csv
Generating dialogue for idx: 0
Generating dialogue for idx: 1
Generating dialogue for idx: 2
Generating dialogue for idx: 3
CERVICALGIA_2025-02-04.csv
counter is: 42
Processing file: /h/ahmad/SynthDataGen_v2/Synthetic_Data_Gen/data/output/notes_onVector/ablations_on_vector/all_qwen/CERVICALGIA_2025-02-04.csv
Generating dialogue for idx: 0
Generating dialogue for idx: 1
Generating dialogue for idx: 2
Generating dialogue for idx: 3
Generating dialogue for idx: 4
MIXED HYPERLIPIDEMIA_2025-02-05.csv
counter is: 43
Processing file: /h/ahmad/SynthDataGen_v2/Synthetic_Data_Gen/data/output/notes_onVector/ablations_on_vector/all_qwen/MIXED HYPERLIPIDEMIA_2025-02-05.csv
Generating dialogue for idx: 0
Generating dialogue for idx: 1
Generating dialogue for idx: 2
Generating dialogue for idx: 3
Generating dialogue for idx: 4
PNEUMONIA, UNSPECIFIED ORGANISM_2025-02-05.csv
counter is: 44
Processing file: /h/ahmad/SynthDataGen_v2/Synthetic_Data_Gen/data/output/notes_onVector/ablations_on_vector/all_qwen/PNEUMONIA, UNSPECIFIED ORGANISM_2025-02-05.csv
Generating dialogue for idx: 0
Generating dialogue for idx: 1
Generating dialogue for idx: 2
Generating dialogue for idx: 3
Generating dialogue for idx: 4
UNSPECIFIED ABDOMINAL PAIN_2025-02-04.csv
counter is: 45
Processing file: /h/ahmad/SynthDataGen_v2/Synthetic_Data_Gen/data/output/notes_onVector/ablations_on_vector/all_qwen/UNSPECIFIED ABDOMINAL PAIN_2025-02-04.csv
Generating dialogue for idx: 0
Generating dialogue for idx: 1
Generating dialogue for idx: 2
Generating dialogue for idx: 3
Generating dialogue for idx: 4
ENCOUNTER FOR SCREENING MAMMOGRAM FOR MALIGNANT NEOPLASM OF BREAST_2025-02-04.csv
counter is: 46
Processing file: /h/ahmad/SynthDataGen_v2/Synthetic_Data_Gen/data/output/notes_onVector/ablations_on_vector/all_qwen/ENCOUNTER FOR SCREENING MAMMOGRAM FOR MALIGNANT NEOPLASM OF BREAST_2025-02-04.csv
Generating dialogue for idx: 0
Generating dialogue for idx: 1
Generating dialogue for idx: 2
Generating dialogue for idx: 3
Generating dialogue for idx: 4
OTHER CHEST PAIN_2025-02-04.csv
counter is: 47
Processing file: /h/ahmad/SynthDataGen_v2/Synthetic_Data_Gen/data/output/notes_onVector/ablations_on_vector/all_qwen/OTHER CHEST PAIN_2025-02-04.csv
Generating dialogue for idx: 0
Generating dialogue for idx: 1
Generating dialogue for idx: 2
Generating dialogue for idx: 3
Generating dialogue for idx: 4
TYPE 2 DIABETES MELLITUS WITH HYPERGLYCEMIA_2025-02-04.csv
counter is: 48
Processing file: /h/ahmad/SynthDataGen_v2/Synthetic_Data_Gen/data/output/notes_onVector/ablations_on_vector/all_qwen/TYPE 2 DIABETES MELLITUS WITH HYPERGLYCEMIA_2025-02-04.csv
Generating dialogue for idx: 0
Generating dialogue for idx: 1
Generating dialogue for idx: 2
Generating dialogue for idx: 3
Generating dialogue for idx: 4
ENCOUNTER FOR ROUTINE CHILD HEALTH EXAMINATION WITHOUT ABNORMAL FINDINGS_2025-02-03.csv
counter is: 49
Processing file: /h/ahmad/SynthDataGen_v2/Synthetic_Data_Gen/data/output/notes_onVector/ablations_on_vector/all_qwen/ENCOUNTER FOR ROUTINE CHILD HEALTH EXAMINATION WITHOUT ABNORMAL FINDINGS_2025-02-03.csv
Generating dialogue for idx: 0
Generating dialogue for idx: 1
Generating dialogue for idx: 2
Generating dialogue for idx: 3
Generating dialogue for idx: 4
OPIOID DEPENDENCE, UNCOMPLICATED_2025-02-05.csv
counter is: 50
Processing file: /h/ahmad/SynthDataGen_v2/Synthetic_Data_Gen/data/output/notes_onVector/ablations_on_vector/all_qwen/OPIOID DEPENDENCE, UNCOMPLICATED_2025-02-05.csv
Generating dialogue for idx: 0
Generating dialogue for idx: 1
Generating dialogue for idx: 2
Generating dialogue for idx: 3
Generating dialogue for idx: 4
Thu Feb 6 23:35:10 EST 2025: Job 14778891 finished running, exit code: 0
