W0121 19:38:43.514817 139771178652224 torch/distributed/run.py:757] 
W0121 19:38:43.514817 139771178652224 torch/distributed/run.py:757] *****************************************
W0121 19:38:43.514817 139771178652224 torch/distributed/run.py:757] Setting OMP_NUM_THREADS environment variable for each process to be 1 in default, to avoid your system being overloaded, please further tune the variable for optimal performance in your application as needed. 
W0121 19:38:43.514817 139771178652224 torch/distributed/run.py:757] *****************************************
[rank1]: Traceback (most recent call last):
[rank1]:   File "/h/ahmad/SynthDataGen_v2/Synthetic_Data_Gen/code/data_gen/DELETE_test_llama70b.py", line 117, in <module>
[rank1]:     model = AutoModelForCausalLM.from_pretrained(
[rank1]:   File "/h/ahmad/.conda/envs/SynthDataGenEnv/lib/python3.10/site-packages/transformers/models/auto/auto_factory.py", line 564, in from_pretrained
[rank1]:     return model_class.from_pretrained(
[rank1]:   File "/h/ahmad/.conda/envs/SynthDataGenEnv/lib/python3.10/site-packages/transformers/modeling_utils.py", line 4073, in from_pretrained
[rank1]:     device_type = torch._C._get_accelerator().type
[rank1]: AttributeError: module 'torch._C' has no attribute '_get_accelerator'
[rank0]: Traceback (most recent call last):
[rank0]:   File "/h/ahmad/SynthDataGen_v2/Synthetic_Data_Gen/code/data_gen/DELETE_test_llama70b.py", line 117, in <module>
[rank0]:     model = AutoModelForCausalLM.from_pretrained(
[rank0]:   File "/h/ahmad/.conda/envs/SynthDataGenEnv/lib/python3.10/site-packages/transformers/models/auto/auto_factory.py", line 564, in from_pretrained
[rank0]:     return model_class.from_pretrained(
[rank0]:   File "/h/ahmad/.conda/envs/SynthDataGenEnv/lib/python3.10/site-packages/transformers/modeling_utils.py", line 4073, in from_pretrained
[rank0]:     device_type = torch._C._get_accelerator().type
[rank0]: AttributeError: module 'torch._C' has no attribute '_get_accelerator'
[rank2]: Traceback (most recent call last):
[rank2]:   File "/h/ahmad/SynthDataGen_v2/Synthetic_Data_Gen/code/data_gen/DELETE_test_llama70b.py", line 117, in <module>
[rank2]:     model = AutoModelForCausalLM.from_pretrained(
[rank2]:   File "/h/ahmad/.conda/envs/SynthDataGenEnv/lib/python3.10/site-packages/transformers/models/auto/auto_factory.py", line 564, in from_pretrained
[rank2]:     return model_class.from_pretrained(
[rank2]:   File "/h/ahmad/.conda/envs/SynthDataGenEnv/lib/python3.10/site-packages/transformers/modeling_utils.py", line 4073, in from_pretrained
[rank2]:     device_type = torch._C._get_accelerator().type
[rank2]: AttributeError: module 'torch._C' has no attribute '_get_accelerator'
E0121 19:39:03.541045 139771178652224 torch/distributed/elastic/multiprocessing/api.py:826] failed (exitcode: 1) local_rank: 0 (pid: 23525) of binary: /h/ahmad/.conda/envs/SynthDataGenEnv/bin/python
Traceback (most recent call last):
  File "/h/ahmad/.conda/envs/SynthDataGenEnv/bin/torchrun", line 8, in <module>
    sys.exit(main())
  File "/h/ahmad/.conda/envs/SynthDataGenEnv/lib/python3.10/site-packages/torch/distributed/elastic/multiprocessing/errors/__init__.py", line 347, in wrapper
    return f(*args, **kwargs)
  File "/h/ahmad/.conda/envs/SynthDataGenEnv/lib/python3.10/site-packages/torch/distributed/run.py", line 879, in main
    run(args)
  File "/h/ahmad/.conda/envs/SynthDataGenEnv/lib/python3.10/site-packages/torch/distributed/run.py", line 870, in run
    elastic_launch(
  File "/h/ahmad/.conda/envs/SynthDataGenEnv/lib/python3.10/site-packages/torch/distributed/launcher/api.py", line 132, in __call__
    return launch_agent(self._config, self._entrypoint, list(args))
  File "/h/ahmad/.conda/envs/SynthDataGenEnv/lib/python3.10/site-packages/torch/distributed/launcher/api.py", line 263, in launch_agent
    raise ChildFailedError(
torch.distributed.elastic.multiprocessing.errors.ChildFailedError: 
============================================================
/h/ahmad/SynthDataGen_v2/Synthetic_Data_Gen/code/data_gen/DELETE_test_llama70b.py FAILED
------------------------------------------------------------
Failures:
[1]:
  time      : 2025-01-21_19:39:03
  host      : gpu044.cluster.local
  rank      : 1 (local_rank: 1)
  exitcode  : 1 (pid: 23526)
  error_file: <N/A>
  traceback : To enable traceback see: https://pytorch.org/docs/stable/elastic/errors.html
[2]:
  time      : 2025-01-21_19:39:03
  host      : gpu044.cluster.local
  rank      : 2 (local_rank: 2)
  exitcode  : 1 (pid: 23527)
  error_file: <N/A>
  traceback : To enable traceback see: https://pytorch.org/docs/stable/elastic/errors.html
------------------------------------------------------------
Root Cause (first observed failure):
[0]:
  time      : 2025-01-21_19:39:03
  host      : gpu044.cluster.local
  rank      : 0 (local_rank: 0)
  exitcode  : 1 (pid: 23525)
  error_file: <N/A>
  traceback : To enable traceback see: https://pytorch.org/docs/stable/elastic/errors.html
============================================================
